<html>
<body>
<pre>
<h1>µVision Build Log</h1>
<h2>Tool Versions:</h2>
IDE-Version: ¦ÌVision V5.42.0.0
Copyright (C) 2025 ARM Ltd and ARM Germany GmbH. All rights reserved.
License Information: È¥ Administrator, È¥, LIC=VGXG8-354EG-HLBCL-00D0N-S14VU-6MP4N
 
Tool Versions:
Toolchain:       MDK-ARM Plus  Version: 5.42.0.0
Toolchain Path:  F:\Keil_v5\ARM\ARMCOMPLIER506\Bin
C Compiler:      Armcc.exe V5.06 update 7 (build 960)
Assembler:       Armasm.exe V5.06 update 7 (build 960)
Linker/Locator:  ArmLink.exe V5.06 update 7 (build 960)
Library Manager: ArmAr.exe V5.06 update 7 (build 960)
Hex Converter:   FromElf.exe V5.06 update 7 (build 960)
CPU DLL:         SARMCM3.DLL V5.42.0.0
Dialog DLL:      DCM.DLL V1.17.5.0
Target DLL:      Segger\JL2CM3.dll V2.99.45.0
Dialog DLL:      TCM.DLL V1.56.6.0
 
<h2>Project:</h2>
C:\Users\Administrator\Desktop\stm32f407 - 2\mdk\stm32f407.uvprojx
Project File Date:  01/01/2026

<h2>Output:</h2>
*** Using Compiler 'V5.06 update 7 (build 960)', folder: 'F:\Keil_v5\ARM\ARMCOMPLIER506\Bin'
Rebuild target 'demo'
assembling startup_stm32f40_41xxx.s...
compiling led.c...
compiling main.c...
..\app\main.c(48): warning:  #223-D: function "esp_usart_write_data" declared implicitly
      esp_usart_write_data(&data,1);
..\app\main.c(71): warning:  #223-D: function "board_lowlevel_init" declared implicitly
      board_lowlevel_init();
..\app\main.c(83): warning:  #223-D: function "esp_usart_write_data" declared implicitly
                  esp_usart_write_data(&rdata,1);
..\app\main.c(91): warning:  #177-D: function "test_elog"  was declared but never referenced
  void test_elog(void) {
..\app\main.c: 4 warnings, 0 errors
compiling stm32f4xx_can.c...
compiling stm32f4xx_adc.c...
compiling system_stm32f4xx.c...
compiling misc.c...
compiling stm32f4xx_cec.c...
compiling stm32f4xx_dac.c...
compiling stm32f4xx_cryp_tdes.c...
compiling stm32f4xx_dbgmcu.c...
compiling stm32f4xx_cryp_des.c...
compiling stm32f4xx_crc.c...
compiling board.c...
..\app\board.c(37): warning:  #1-D: last line of file ends without a newline
  }
..\app\board.c: 1 warning, 0 errors
compiling stm32f4xx_cryp.c...
compiling stm32f4xx_cryp_aes.c...
compiling stm32f4xx_dcmi.c...
compiling stm32f4xx_dfsdm.c...
compiling stm32f4xx_dma.c...
compiling stm32f4xx_dsi.c...
compiling stm32f4xx_dma2d.c...
compiling stm32f4xx_exti.c...
compiling stm32f4xx_flash.c...
compiling stm32f4xx_gpio.c...
compiling stm32f4xx_flash_ramfunc.c...
compiling stm32f4xx_fmpi2c.c...
compiling stm32f4xx_fsmc.c...
compiling stm32f4xx_hash_md5.c...
compiling stm32f4xx_hash.c...
compiling stm32f4xx_hash_sha1.c...
compiling stm32f4xx_i2c.c...
compiling stm32f4xx_iwdg.c...
compiling stm32f4xx_lptim.c...
compiling stm32f4xx_ltdc.c...
compiling stm32f4xx_qspi.c...
compiling stm32f4xx_rng.c...
compiling stm32f4xx_pwr.c...
compiling stm32f4xx_sdio.c...
compiling stm32f4xx_rcc.c...
compiling stm32f4xx_spdifrx.c...
compiling stm32f4xx_sai.c...
compiling stm32f4xx_spi.c...
compiling stm32f4xx_syscfg.c...
compiling stm32f4xx_rtc.c...
compiling elog_async.c...
compiling stm32f4xx_usart.c...
compiling elog_buf.c...
compiling stm32f4xx_tim.c...
compiling elog.c...
compiling ringbuffer.c...
compiling elog_utils.c...
compiling stm32f4xx_wwdg.c...
compiling utils.c...
..\boot\utils.c(26): warning:  #1-D: last line of file ends without a newline
  }
..\boot\utils.c: 1 warning, 0 errors
compiling uart.c...
..\boot\uart.c(62): warning:  #223-D: function "strlen" declared implicitly
      uint16_t length = strlen(str);
..\boot\uart.c(72): warning:  #223-D: function "vsnprintf" declared implicitly
      vsnprintf(buffer, sizeof(buffer), format, args);
..\boot\uart.c(90): warning:  #1-D: last line of file ends without a newline
  }
..\boot\uart.c: 3 warnings, 0 errors
compiling elog_port.c...
..\component\easylogger\port\elog_port.c(132): warning:  #223-D: function "bl_now" declared implicitly
      sprintf(stime,"%06ul",bl_now());
..\component\easylogger\port\elog_port.c(133): warning:  #1166-D: returning pointer to local variable
      return stime;
..\component\easylogger\port\elog_port.c(145): warning:  #940-D: missing return statement at end of non-void function "elog_port_get_p_info" 
  }
..\component\easylogger\port\elog_port.c(156): warning:  #1-D: last line of file ends without a newline
  }
..\component\easylogger\port\elog_port.c(156): warning:  #940-D: missing return statement at end of non-void function "elog_port_get_t_info" 
  }
..\component\easylogger\port\elog_port.c: 5 warnings, 0 errors
linking...
Program Size: Code=5884 RO-data=424 RW-data=28 ZI-data=1284  
FromELF: creating hex file...
".\Objects\stm32f407.axf" - 0 Error(s), 14 Warning(s).

<h2>Software Packages used:</h2>

Package Vendor: Keil
                https://www.keil.com/pack/Keil.STM32F4xx_DFP.3.0.0.pack
                Keil::STM32F4xx_DFP@3.0.0
                STMicroelectronics STM32F4 Series Device Support

<h2>Collection of Component include folders:</h2>

<h2>Collection of Component Files used:</h2>
Build Time Elapsed:  00:00:05
</pre>
</body>
</html>
